******************************************************************************
            TI ARM Clang Linker PC v5.1.1                      
******************************************************************************
>> Linked Sun Jul 26 16:01:31 2026

OUTPUT FILE NAME:   <LED.out>
ENTRY POINT SYMBOL: "_c_int00_noargs"  address: 00000535


MEMORY CONFIGURATION

         name            origin    length      used     unused   attr    fill
----------------------  --------  ---------  --------  --------  ----  --------
  FLASH                 00000000   00020000  00000638  0001f9c8  R  X
  SRAM                  20200000   00008000  000002bc  00007d44  RW X
  BCR_CONFIG            41c00000   000000ff  00000000  000000ff  R   
  BSL_CONFIG            41c00100   00000080  00000000  00000080  R   


SEGMENT ALLOCATION MAP

run origin  load origin   length   init length attrs members
----------  ----------- ---------- ----------- ----- -------
00000000    00000000    00000638   00000638    r-x
  00000000    00000000    000000c0   000000c0    r-- .intvecs
  000000c0    000000c0    00000550   00000550    r-x .text
  00000610    00000610    00000010   00000010    r-- .rodata
  00000620    00000620    00000018   00000018    r-- .cinit
20200000    20200000    000000bc   00000000    rw-
  20200000    20200000    000000bc   00000000    rw- .bss
20207e00    20207e00    00000200   00000000    rw-
  20207e00    20207e00    00000200   00000000    rw- .stack


SECTION ALLOCATION MAP

 output                                  attributes/
section   page    origin      length       input sections
--------  ----  ----------  ----------   ----------------
.intvecs   0    00000000    000000c0     
                  00000000    000000c0     startup_mspm0g350x_ticlang.o (.intvecs)

.text      0    000000c0    00000550     
                  000000c0    00000218     empty.o (.text.main)
                  000002d8    00000104     driverlib.a : dl_timer.o (.text.DL_Timer_initFourCCPWMMode)
                  000003dc    00000074     ti_msp_dl_config.o (.text.SYSCFG_DL_PWM_LED_init)
                  00000450    00000040     ti_msp_dl_config.o (.text.SYSCFG_DL_SYSCTL_init)
                  00000490    0000003c     libc.a : autoinit.c.obj (.text:__TI_auto_init_nobinit_nopinit)
                  000004cc    00000034     ti_msp_dl_config.o (.text.SYSCFG_DL_GPIO_init)
                  00000500    00000034     ti_msp_dl_config.o (.text.SYSCFG_DL_initPower)
                  00000534    00000028     libc.a : boot_cortex_m.c.obj (.text:_c_int00_noargs)
                  0000055c    00000020     ti_msp_dl_config.o (.text.SYSCFG_DL_init)
                  0000057c    0000001c     driverlib.a : dl_timer.o (.text.DL_Timer_setCaptCompUpdateMethod)
                  00000598    0000001c                 : dl_timer.o (.text.DL_Timer_setClockConfig)
                  000005b4    00000018                 : dl_timer.o (.text.DL_Timer_setCaptureCompareOutCtl)
                  000005cc    00000016     libc.a : copy_zero_init.c.obj (.text:decompress:ZI:__TI_zero_init_nomemset)
                  000005e2    00000002     startup_mspm0g350x_ticlang.o (.text.Default_Handler)
                  000005e4    00000010     driverlib.a : dl_timer.o (.text.DL_Timer_setCaptureCompareValue)
                  000005f4    0000000a                 : dl_common.o (.text.DL_Common_delayCycles)
                  000005fe    00000006     libc.a : exit.c.obj (.text:abort)
                  00000604    00000004     libsysbm.a : hostexit.c.obj (.text.HOSTexit)
                  00000608    00000004     startup_mspm0g350x_ticlang.o (.text.Reset_Handler)
                  0000060c    00000004     libc.a : pre_init.c.obj (.text._system_pre_init)

.cinit     0    00000620    00000018     
                  00000620    00000008     (.cinit..bss.load) [load image, compression = zero_init]
                  00000628    00000004     (__TI_handler_table)
                  0000062c    00000008     (__TI_cinit_table)
                  00000634    00000004     --HOLE-- [fill = 0]

.rodata    0    00000610    00000010     
                  00000610    00000008     ti_msp_dl_config.o (.rodata.gPWM_LEDConfig)
                  00000618    00000003     ti_msp_dl_config.o (.rodata.gPWM_LEDClockConfig)
                  0000061b    00000005     --HOLE-- [fill = 0]

.init_array 
*          0    00000000    00000000     UNINITIALIZED

.binit     0    00000000    00000000     

.bss       0    20200000    000000bc     UNINITIALIZED
                  20200000    000000bc     (.common:gPWM_LEDBackup)

.stack     0    20207e00    00000200     UNINITIALIZED
                  20207e00    00000004     libc.a : boot_cortex_m.c.obj (.stack)
                  20207e04    000001fc     --HOLE--

__llvm_prf_cnts 
*          0    20200000    00000000     UNINITIALIZED

__llvm_prf_bits 
*          0    20200000    00000000     UNINITIALIZED

MODULE SUMMARY

       Module                         code   ro data   rw data
       ------                         ----   -------   -------
    .\
       empty.o                        536    0         0      
       ti_msp_dl_config.o             316    11        188    
       startup_mspm0g350x_ticlang.o   6      192       0      
    +--+------------------------------+------+---------+---------+
       Total:                         858    203       188    
                                                              
    C:/TI/mspm0_sdk_2_11_00_07/source/ti/driverlib/lib/ticlang/m0p/mspm0g1x0x_g3x0x/driverlib.a
       dl_timer.o                     356    0         0      
       dl_common.o                    10     0         0      
    +--+------------------------------+------+---------+---------+
       Total:                         366    0         0      
                                                              
    D:\ti\ccs2100\ccs\tools\compiler\ti-cgt-armllvm_5.1.1.LTS\lib\armv6m-ti-none-eabi/c/libc.a
       autoinit.c.obj                 60     0         0      
       boot_cortex_m.c.obj            40     0         0      
       copy_zero_init.c.obj           22     0         0      
       exit.c.obj                     6      0         0      
       pre_init.c.obj                 4      0         0      
    +--+------------------------------+------+---------+---------+
       Total:                         132    0         0      
                                                              
    D:\ti\ccs2100\ccs\tools\compiler\ti-cgt-armllvm_5.1.1.LTS\lib\armv6m-ti-none-eabi/c/libsysbm.a
       hostexit.c.obj                 4      0         0      
    +--+------------------------------+------+---------+---------+
       Total:                         4      0         0      
                                                              
       Stack:                         0      0         512    
       Linker Generated:              0      20        0      
    +--+------------------------------+------+---------+---------+
       Grand Total:                   1360   223       700    


LINKER GENERATED COPY TABLES

__TI_cinit_table @ 0000062c records: 1, size/record: 8, table size: 8
	.bss: load addr=00000620, load size=00000008 bytes, run addr=20200000, run size=000000bc bytes, compression=zero_init


LINKER GENERATED HANDLER TABLE

__TI_handler_table @ 00000628 records: 1, size/record: 4, table size: 4
	index: 0, handler: __TI_zero_init


GLOBAL SYMBOLS: SORTED ALPHABETICALLY BY Name 

address   name                            
-------   ----                            
000005e3  ADC0_IRQHandler                 
000005e3  ADC1_IRQHandler                 
000005e3  AES_IRQHandler                  
00000604  C$$EXIT                         
000005e3  CANFD0_IRQHandler               
000005e3  DAC0_IRQHandler                 
000005f5  DL_Common_delayCycles           
000002d9  DL_Timer_initFourCCPWMMode      
0000057d  DL_Timer_setCaptCompUpdateMethod
000005b5  DL_Timer_setCaptureCompareOutCtl
000005e5  DL_Timer_setCaptureCompareValue 
00000599  DL_Timer_setClockConfig         
000005e3  DMA_IRQHandler                  
000005e3  Default_Handler                 
000005e3  GROUP0_IRQHandler               
000005e3  GROUP1_IRQHandler               
00000605  HOSTexit                        
000005e3  HardFault_Handler               
000005e3  I2C0_IRQHandler                 
000005e3  I2C1_IRQHandler                 
000005e3  NMI_Handler                     
000005e3  PendSV_Handler                  
000005e3  RTC_IRQHandler                  
00000609  Reset_Handler                   
000005e3  SPI0_IRQHandler                 
000005e3  SPI1_IRQHandler                 
000005e3  SVC_Handler                     
000004cd  SYSCFG_DL_GPIO_init             
000003dd  SYSCFG_DL_PWM_LED_init          
00000451  SYSCFG_DL_SYSCTL_init           
0000055d  SYSCFG_DL_init                  
00000501  SYSCFG_DL_initPower             
000005e3  SysTick_Handler                 
000005e3  TIMA0_IRQHandler                
000005e3  TIMA1_IRQHandler                
000005e3  TIMG0_IRQHandler                
000005e3  TIMG12_IRQHandler               
000005e3  TIMG6_IRQHandler                
000005e3  TIMG7_IRQHandler                
000005e3  TIMG8_IRQHandler                
000005e3  UART0_IRQHandler                
000005e3  UART1_IRQHandler                
000005e3  UART2_IRQHandler                
000005e3  UART3_IRQHandler                
20208000  __STACK_END                     
00000200  __STACK_SIZE                    
00000000  __TI_ATRegion0_region_sz        
00000000  __TI_ATRegion0_src_addr         
00000000  __TI_ATRegion0_trg_addr         
00000000  __TI_ATRegion1_region_sz        
00000000  __TI_ATRegion1_src_addr         
00000000  __TI_ATRegion1_trg_addr         
00000000  __TI_ATRegion2_region_sz        
00000000  __TI_ATRegion2_src_addr         
00000000  __TI_ATRegion2_trg_addr         
0000062c  __TI_CINIT_Base                 
00000634  __TI_CINIT_Limit                
00000634  __TI_CINIT_Warm                 
00000628  __TI_Handler_Table_Base         
0000062c  __TI_Handler_Table_Limit        
00000491  __TI_auto_init_nobinit_nopinit  
ffffffff  __TI_pprof_out_hndl             
ffffffff  __TI_prof_data_size             
ffffffff  __TI_prof_data_start            
00000000  __TI_static_base__              
000005cd  __TI_zero_init_nomemset         
ffffffff  __binit__                       
UNDEFED   __mpu_init                      
20207e00  __stack                         
20200000  __start___llvm_prf_bits         
20200000  __start___llvm_prf_cnts         
20200000  __stop___llvm_prf_bits          
20200000  __stop___llvm_prf_cnts          
00000535  _c_int00_noargs                 
UNDEFED   _system_post_cinit              
0000060d  _system_pre_init                
000005ff  abort                           
ffffffff  binit                           
20200000  gPWM_LEDBackup                  
00000000  interruptVectors                
000000c1  main                            


GLOBAL SYMBOLS: SORTED BY Symbol Address 

address   name                            
-------   ----                            
00000000  __TI_ATRegion0_region_sz        
00000000  __TI_ATRegion0_src_addr         
00000000  __TI_ATRegion0_trg_addr         
00000000  __TI_ATRegion1_region_sz        
00000000  __TI_ATRegion1_src_addr         
00000000  __TI_ATRegion1_trg_addr         
00000000  __TI_ATRegion2_region_sz        
00000000  __TI_ATRegion2_src_addr         
00000000  __TI_ATRegion2_trg_addr         
00000000  __TI_static_base__              
00000000  interruptVectors                
000000c1  main                            
00000200  __STACK_SIZE                    
000002d9  DL_Timer_initFourCCPWMMode      
000003dd  SYSCFG_DL_PWM_LED_init          
00000451  SYSCFG_DL_SYSCTL_init           
00000491  __TI_auto_init_nobinit_nopinit  
000004cd  SYSCFG_DL_GPIO_init             
00000501  SYSCFG_DL_initPower             
00000535  _c_int00_noargs                 
0000055d  SYSCFG_DL_init                  
0000057d  DL_Timer_setCaptCompUpdateMethod
00000599  DL_Timer_setClockConfig         
000005b5  DL_Timer_setCaptureCompareOutCtl
000005cd  __TI_zero_init_nomemset         
000005e3  ADC0_IRQHandler                 
000005e3  ADC1_IRQHandler                 
000005e3  AES_IRQHandler                  
000005e3  CANFD0_IRQHandler               
000005e3  DAC0_IRQHandler                 
000005e3  DMA_IRQHandler                  
000005e3  Default_Handler                 
000005e3  GROUP0_IRQHandler               
000005e3  GROUP1_IRQHandler               
000005e3  HardFault_Handler               
000005e3  I2C0_IRQHandler                 
000005e3  I2C1_IRQHandler                 
000005e3  NMI_Handler                     
000005e3  PendSV_Handler                  
000005e3  RTC_IRQHandler                  
000005e3  SPI0_IRQHandler                 
000005e3  SPI1_IRQHandler                 
000005e3  SVC_Handler                     
000005e3  SysTick_Handler                 
000005e3  TIMA0_IRQHandler                
000005e3  TIMA1_IRQHandler                
000005e3  TIMG0_IRQHandler                
000005e3  TIMG12_IRQHandler               
000005e3  TIMG6_IRQHandler                
000005e3  TIMG7_IRQHandler                
000005e3  TIMG8_IRQHandler                
000005e3  UART0_IRQHandler                
000005e3  UART1_IRQHandler                
000005e3  UART2_IRQHandler                
000005e3  UART3_IRQHandler                
000005e5  DL_Timer_setCaptureCompareValue 
000005f5  DL_Common_delayCycles           
000005ff  abort                           
00000604  C$$EXIT                         
00000605  HOSTexit                        
00000609  Reset_Handler                   
0000060d  _system_pre_init                
00000628  __TI_Handler_Table_Base         
0000062c  __TI_CINIT_Base                 
0000062c  __TI_Handler_Table_Limit        
00000634  __TI_CINIT_Limit                
00000634  __TI_CINIT_Warm                 
20200000  __start___llvm_prf_bits         
20200000  __start___llvm_prf_cnts         
20200000  __stop___llvm_prf_bits          
20200000  __stop___llvm_prf_cnts          
20200000  gPWM_LEDBackup                  
20207e00  __stack                         
20208000  __STACK_END                     
ffffffff  __TI_pprof_out_hndl             
ffffffff  __TI_prof_data_size             
ffffffff  __TI_prof_data_start            
ffffffff  __binit__                       
ffffffff  binit                           
UNDEFED   __mpu_init                      
UNDEFED   _system_post_cinit              

[81 symbols]
