******************************************************************************
            TI ARM Clang Linker PC v5.1.1                      
******************************************************************************
>> Linked Sun Jul 26 16:30:19 2026

OUTPUT FILE NAME:   <PWM.out>
ENTRY POINT SYMBOL: "_c_int00_noinit_noargs"  address: 000004c5


MEMORY CONFIGURATION

         name            origin    length      used     unused   attr    fill
----------------------  --------  ---------  --------  --------  ----  --------
  FLASH                 00000000   00020000  000005a0  0001fa60  R  X
  SRAM                  20200000   00008000  00000200  00007e00  RW X
  BCR_CONFIG            41c00000   000000ff  00000000  000000ff  R   
  BSL_CONFIG            41c00100   00000080  00000000  00000080  R   


SEGMENT ALLOCATION MAP

run origin  load origin   length   init length attrs members
----------  ----------- ---------- ----------- ----- -------
00000000    00000000    000005a0   000005a0    r-x
  00000000    00000000    000000c0   000000c0    r-- .intvecs
  000000c0    000000c0    000004d0   000004d0    r-x .text
  00000590    00000590    00000010   00000010    r-- .rodata
20207e00    20207e00    00000200   00000000    rw-
  20207e00    20207e00    00000200   00000000    rw- .stack


SECTION ALLOCATION MAP

 output                                  attributes/
section   page    origin      length       input sections
--------  ----  ----------  ----------   ----------------
.intvecs   0    00000000    000000c0     
                  00000000    000000c0     startup_mspm0g350x_ticlang.o (.intvecs)

.text      0    000000c0    000004d0     
                  000000c0    00000218     empty.o (.text.main)
                  000002d8    00000104     driverlib.a : dl_timer.o (.text.DL_Timer_initFourCCPWMMode)
                  000003dc    00000074     ti_msp_dl_config.o (.text.SYSCFG_DL_PWM_LED_init)
                  00000450    00000040     ti_msp_dl_config.o (.text.SYSCFG_DL_SYSCTL_init)
                  00000490    00000034     ti_msp_dl_config.o (.text.SYSCFG_DL_initPower)
                  000004c4    00000020     libc.a : boot_cortex_m.c.obj (.text:_c_int00_noinit_noargs)
                  000004e4    0000001c     driverlib.a : dl_timer.o (.text.DL_Timer_setCaptCompUpdateMethod)
                  00000500    0000001c                 : dl_timer.o (.text.DL_Timer_setClockConfig)
                  0000051c    00000018                 : dl_timer.o (.text.DL_Timer_setCaptureCompareOutCtl)
                  00000534    00000018     ti_msp_dl_config.o (.text.SYSCFG_DL_GPIO_init)
                  0000054c    00000014     ti_msp_dl_config.o (.text.SYSCFG_DL_init)
                  00000560    00000010     driverlib.a : dl_timer.o (.text.DL_Timer_setCaptureCompareValue)
                  00000570    0000000a                 : dl_common.o (.text.DL_Common_delayCycles)
                  0000057a    00000006     libc.a : exit.c.obj (.text:abort)
                  00000580    00000004     libsysbm.a : hostexit.c.obj (.text.HOSTexit)
                  00000584    00000004     startup_mspm0g350x_ticlang.o (.text.Reset_Handler)
                  00000588    00000004     libc.a : pre_init.c.obj (.text._system_pre_init)
                  0000058c    00000002     startup_mspm0g350x_ticlang.o (.text.Default_Handler)
                  0000058e    00000002     --HOLE-- [fill = 0]

.cinit     0    00000000    00000000     

.rodata    0    00000590    00000010     
                  00000590    00000008     ti_msp_dl_config.o (.rodata.gPWM_LEDConfig)
                  00000598    00000003     ti_msp_dl_config.o (.rodata.gPWM_LEDClockConfig)
                  0000059b    00000005     --HOLE-- [fill = 0]

.init_array 
*          0    00000000    00000000     UNINITIALIZED

.binit     0    00000000    00000000     

.stack     0    20207e00    00000200     UNINITIALIZED
                  20207e00    00000004     libc.a : boot_cortex_m.c.obj (.stack)
                  20207e04    000001fc     --HOLE--

__llvm_prf_cnts 
*          0    20200000    00000000     UNINITIALIZED

__llvm_prf_bits 
*          0    20200000    00000000     UNINITIALIZED

MODULE SUMMARY

       Module                         code   ro data   rw data
       ------                         ----   -------   -------
    .\
       empty.o                        536    0         0      
       ti_msp_dl_config.o             276    11        0      
       startup_mspm0g350x_ticlang.o   6      192       0      
    +--+------------------------------+------+---------+---------+
       Total:                         818    203       0      
                                                              
    C:/TI/mspm0_sdk_2_11_00_07/source/ti/driverlib/lib/ticlang/m0p/mspm0g1x0x_g3x0x/driverlib.a
       dl_timer.o                     356    0         0      
       dl_common.o                    10     0         0      
    +--+------------------------------+------+---------+---------+
       Total:                         366    0         0      
                                                              
    D:\ti\ccs2100\ccs\tools\compiler\ti-cgt-armllvm_5.1.1.LTS\lib\armv6m-ti-none-eabi/c/libc.a
       boot_cortex_m.c.obj            32     0         0      
       exit.c.obj                     6      0         0      
       pre_init.c.obj                 4      0         0      
    +--+------------------------------+------+---------+---------+
       Total:                         42     0         0      
                                                              
    D:\ti\ccs2100\ccs\tools\compiler\ti-cgt-armllvm_5.1.1.LTS\lib\armv6m-ti-none-eabi/c/libsysbm.a
       hostexit.c.obj                 4      0         0      
    +--+------------------------------+------+---------+---------+
       Total:                         4      0         0      
                                                              
       Stack:                         0      0         512    
    +--+------------------------------+------+---------+---------+
       Grand Total:                   1230   203       512    


GLOBAL SYMBOLS: SORTED ALPHABETICALLY BY Name 

address   name                            
-------   ----                            
0000058d  ADC0_IRQHandler                 
0000058d  ADC1_IRQHandler                 
0000058d  AES_IRQHandler                  
00000580  C$$EXIT                         
0000058d  CANFD0_IRQHandler               
0000058d  DAC0_IRQHandler                 
00000571  DL_Common_delayCycles           
000002d9  DL_Timer_initFourCCPWMMode      
000004e5  DL_Timer_setCaptCompUpdateMethod
0000051d  DL_Timer_setCaptureCompareOutCtl
00000561  DL_Timer_setCaptureCompareValue 
00000501  DL_Timer_setClockConfig         
0000058d  DMA_IRQHandler                  
0000058d  Default_Handler                 
0000058d  GROUP0_IRQHandler               
0000058d  GROUP1_IRQHandler               
00000581  HOSTexit                        
0000058d  HardFault_Handler               
0000058d  I2C0_IRQHandler                 
0000058d  I2C1_IRQHandler                 
0000058d  NMI_Handler                     
0000058d  PendSV_Handler                  
0000058d  RTC_IRQHandler                  
00000585  Reset_Handler                   
0000058d  SPI0_IRQHandler                 
0000058d  SPI1_IRQHandler                 
0000058d  SVC_Handler                     
00000535  SYSCFG_DL_GPIO_init             
000003dd  SYSCFG_DL_PWM_LED_init          
00000451  SYSCFG_DL_SYSCTL_init           
0000054d  SYSCFG_DL_init                  
00000491  SYSCFG_DL_initPower             
0000058d  SysTick_Handler                 
0000058d  TIMA0_IRQHandler                
0000058d  TIMA1_IRQHandler                
0000058d  TIMG0_IRQHandler                
0000058d  TIMG12_IRQHandler               
0000058d  TIMG6_IRQHandler                
0000058d  TIMG7_IRQHandler                
0000058d  TIMG8_IRQHandler                
0000058d  UART0_IRQHandler                
0000058d  UART1_IRQHandler                
0000058d  UART2_IRQHandler                
0000058d  UART3_IRQHandler                
20208000  __STACK_END                     
00000200  __STACK_SIZE                    
00000000  __TI_ATRegion0_region_sz        
00000000  __TI_ATRegion0_src_addr         
00000000  __TI_ATRegion0_trg_addr         
00000000  __TI_ATRegion1_region_sz        
00000000  __TI_ATRegion1_src_addr         
00000000  __TI_ATRegion1_trg_addr         
00000000  __TI_ATRegion2_region_sz        
00000000  __TI_ATRegion2_src_addr         
00000000  __TI_ATRegion2_trg_addr         
00000000  __TI_CINIT_Base                 
00000000  __TI_CINIT_Limit                
00000000  __TI_CINIT_Warm                 
ffffffff  __TI_pprof_out_hndl             
ffffffff  __TI_prof_data_size             
ffffffff  __TI_prof_data_start            
00000000  __TI_static_base__              
ffffffff  __binit__                       
UNDEFED   __mpu_init                      
20207e00  __stack                         
20200000  __start___llvm_prf_bits         
20200000  __start___llvm_prf_cnts         
20200000  __stop___llvm_prf_bits          
20200000  __stop___llvm_prf_cnts          
000004c5  _c_int00_noinit_noargs          
00000589  _system_pre_init                
0000057b  abort                           
ffffffff  binit                           
00000000  interruptVectors                
000000c1  main                            


GLOBAL SYMBOLS: SORTED BY Symbol Address 

address   name                            
-------   ----                            
00000000  __TI_ATRegion0_region_sz        
00000000  __TI_ATRegion0_src_addr         
00000000  __TI_ATRegion0_trg_addr         
00000000  __TI_ATRegion1_region_sz        
00000000  __TI_ATRegion1_src_addr         
00000000  __TI_ATRegion1_trg_addr         
00000000  __TI_ATRegion2_region_sz        
00000000  __TI_ATRegion2_src_addr         
00000000  __TI_ATRegion2_trg_addr         
00000000  __TI_CINIT_Base                 
00000000  __TI_CINIT_Limit                
00000000  __TI_CINIT_Warm                 
00000000  __TI_static_base__              
00000000  interruptVectors                
000000c1  main                            
00000200  __STACK_SIZE                    
000002d9  DL_Timer_initFourCCPWMMode      
000003dd  SYSCFG_DL_PWM_LED_init          
00000451  SYSCFG_DL_SYSCTL_init           
00000491  SYSCFG_DL_initPower             
000004c5  _c_int00_noinit_noargs          
000004e5  DL_Timer_setCaptCompUpdateMethod
00000501  DL_Timer_setClockConfig         
0000051d  DL_Timer_setCaptureCompareOutCtl
00000535  SYSCFG_DL_GPIO_init             
0000054d  SYSCFG_DL_init                  
00000561  DL_Timer_setCaptureCompareValue 
00000571  DL_Common_delayCycles           
0000057b  abort                           
00000580  C$$EXIT                         
00000581  HOSTexit                        
00000585  Reset_Handler                   
00000589  _system_pre_init                
0000058d  ADC0_IRQHandler                 
0000058d  ADC1_IRQHandler                 
0000058d  AES_IRQHandler                  
0000058d  CANFD0_IRQHandler               
0000058d  DAC0_IRQHandler                 
0000058d  DMA_IRQHandler                  
0000058d  Default_Handler                 
0000058d  GROUP0_IRQHandler               
0000058d  GROUP1_IRQHandler               
0000058d  HardFault_Handler               
0000058d  I2C0_IRQHandler                 
0000058d  I2C1_IRQHandler                 
0000058d  NMI_Handler                     
0000058d  PendSV_Handler                  
0000058d  RTC_IRQHandler                  
0000058d  SPI0_IRQHandler                 
0000058d  SPI1_IRQHandler                 
0000058d  SVC_Handler                     
0000058d  SysTick_Handler                 
0000058d  TIMA0_IRQHandler                
0000058d  TIMA1_IRQHandler                
0000058d  TIMG0_IRQHandler                
0000058d  TIMG12_IRQHandler               
0000058d  TIMG6_IRQHandler                
0000058d  TIMG7_IRQHandler                
0000058d  TIMG8_IRQHandler                
0000058d  UART0_IRQHandler                
0000058d  UART1_IRQHandler                
0000058d  UART2_IRQHandler                
0000058d  UART3_IRQHandler                
20200000  __start___llvm_prf_bits         
20200000  __start___llvm_prf_cnts         
20200000  __stop___llvm_prf_bits          
20200000  __stop___llvm_prf_cnts          
20207e00  __stack                         
20208000  __STACK_END                     
ffffffff  __TI_pprof_out_hndl             
ffffffff  __TI_prof_data_size             
ffffffff  __TI_prof_data_start            
ffffffff  __binit__                       
ffffffff  binit                           
UNDEFED   __mpu_init                      

[75 symbols]
